// Vitest Snapshot v1, https://vitest.dev/guide/snapshot.html

exports[`MediaCarousel > bate com o snapshot 1`] = `
<div>
  <div
    class="_carouselContainer_29d281"
  >
    <div
      data-testid="mock-slider"
    >
      <div
        class="_slide_29d281"
      >
        <div
          class="_card_9fc334"
          style="border-color: rgb(0, 0, 0);"
        >
          <div
            class="_video_9fc334"
          >
            <iframe
              allow="accelerometer; autoplay; encrypted-media; picture-in-picture"
              allowfullscreen=""
              sandbox="allow-scripts allow-same-origin"
              src="url1"
              title="Vídeo 1"
            />
            <div
              id="yt-player-1"
              style="display: none;"
            />
          </div>
          <div
            class="_details_9fc334"
          >
            <h3
              class="_title_9fc334"
            >
              Vídeo 1
            </h3>
            <p
              class="_description_9fc334"
            >
              desc 1
            </p>
            <div
              class="_buttons_9fc334"
            >
              <button
                class="_button_1cea98 _iconText_9fc334"
                type="button"
              >
                <svg
                  fill="currentColor"
                  height="1em"
                  stroke="currentColor"
                  stroke-width="0"
                  viewBox="0 0 448 512"
                  width="1em"
                  xmlns="http://www.w3.org/2000/svg"
                >
                  <path
                    d="M432 32H312l-9.4-18.7A24 24 0 0 0 281.1 0H166.8a23.72 23.72 0 0 0-21.4 13.3L136 32H16A16 16 0 0 0 0 48v32a16 16 0 0 0 16 16h416a16 16 0 0 0 16-16V48a16 16 0 0 0-16-16zM53.2 467a48 48 0 0 0 47.9 45h245.8a48 48 0 0 0 47.9-45L416 128H32z"
                  />
                </svg>
                 
                <span>
                  Deletar
                </span>
              </button>
              <button
                class="_button_1cea98 _iconText_9fc334"
                type="button"
              >
                <svg
                  fill="currentColor"
                  height="1em"
                  stroke="currentColor"
                  stroke-width="0"
                  viewBox="0 0 512 512"
                  width="1em"
                  xmlns="http://www.w3.org/2000/svg"
                >
                  <path
                    d="M290.74 93.24l128.02 128.02-277.99 277.99-114.14 12.6C11.35 513.54-1.56 500.62.14 485.34l12.7-114.22 277.9-277.88zm207.2-19.06l-60.11-60.11c-18.75-18.75-49.16-18.75-67.91 0l-56.55 56.55 128.02 128.02 56.55-56.55c18.75-18.76 18.75-49.16 0-67.91z"
                  />
                </svg>
                 
                <span>
                  Editar
                </span>
              </button>
              <button
                class="_button_1cea98 _iconText_9fc334"
                type="button"
              >
                <svg
                  data-testid="favorite-icon"
                  fill="currentColor"
                  height="1em"
                  stroke="currentColor"
                  stroke-width="0"
                  viewBox="0 0 512 512"
                  width="1em"
                  xmlns="http://www.w3.org/2000/svg"
                >
                  <path
                    d="M458.4 64.3C400.6 15.7 311.3 23 256 79.3 200.7 23 111.4 15.6 53.6 64.3-21.6 127.6-10.6 230.8 43 285.5l175.4 178.7c10 10.2 23.4 15.9 37.6 15.9 14.3 0 27.6-5.6 37.6-15.8L469 285.6c53.5-54.7 64.7-157.9-10.6-221.3zm-23.6 187.5L259.4 430.5c-2.4 2.4-4.4 2.4-6.8 0L77.2 251.8c-36.5-37.2-43.9-107.6 7.3-150.7 38.9-32.7 98.9-27.8 136.5 10.5l35 35.7 35-35.7c37.8-38.5 97.8-43.2 136.5-10.6 51.1 43.1 43.5 113.9 7.3 150.8z"
                  />
                </svg>
              </button>
            </div>
          </div>
        </div>
      </div>
      <div
        class="_slide_29d281"
      >
        <div
          class="_card_9fc334"
          style="border-color: rgb(0, 0, 0);"
        >
          <div
            class="_video_9fc334"
          >
            <iframe
              allow="accelerometer; autoplay; encrypted-media; picture-in-picture"
              allowfullscreen=""
              sandbox="allow-scripts allow-same-origin"
              src="url2"
              title="Vídeo 2"
            />
            <div
              id="yt-player-2"
              style="display: none;"
            />
          </div>
          <div
            class="_details_9fc334"
          >
            <h3
              class="_title_9fc334"
            >
              Vídeo 2
            </h3>
            <p
              class="_description_9fc334"
            >
              desc 2
            </p>
            <div
              class="_buttons_9fc334"
            >
              <button
                class="_button_1cea98 _iconText_9fc334"
                type="button"
              >
                <svg
                  fill="currentColor"
                  height="1em"
                  stroke="currentColor"
                  stroke-width="0"
                  viewBox="0 0 448 512"
                  width="1em"
                  xmlns="http://www.w3.org/2000/svg"
                >
                  <path
                    d="M432 32H312l-9.4-18.7A24 24 0 0 0 281.1 0H166.8a23.72 23.72 0 0 0-21.4 13.3L136 32H16A16 16 0 0 0 0 48v32a16 16 0 0 0 16 16h416a16 16 0 0 0 16-16V48a16 16 0 0 0-16-16zM53.2 467a48 48 0 0 0 47.9 45h245.8a48 48 0 0 0 47.9-45L416 128H32z"
                  />
                </svg>
                 
                <span>
                  Deletar
                </span>
              </button>
              <button
                class="_button_1cea98 _iconText_9fc334"
                type="button"
              >
                <svg
                  fill="currentColor"
                  height="1em"
                  stroke="currentColor"
                  stroke-width="0"
                  viewBox="0 0 512 512"
                  width="1em"
                  xmlns="http://www.w3.org/2000/svg"
                >
                  <path
                    d="M290.74 93.24l128.02 128.02-277.99 277.99-114.14 12.6C11.35 513.54-1.56 500.62.14 485.34l12.7-114.22 277.9-277.88zm207.2-19.06l-60.11-60.11c-18.75-18.75-49.16-18.75-67.91 0l-56.55 56.55 128.02 128.02 56.55-56.55c18.75-18.76 18.75-49.16 0-67.91z"
                  />
                </svg>
                 
                <span>
                  Editar
                </span>
              </button>
              <button
                class="_button_1cea98 _iconText_9fc334"
                type="button"
              >
                <svg
                  color="#e00"
                  data-testid="favorite-icon"
                  fill="currentColor"
                  height="1em"
                  stroke="currentColor"
                  stroke-width="0"
                  style="color: rgb(238, 0, 0);"
                  viewBox="0 0 512 512"
                  width="1em"
                  xmlns="http://www.w3.org/2000/svg"
                >
                  <path
                    d="M462.3 62.6C407.5 15.9 326 24.3 275.7 76.2L256 96.5l-19.7-20.3C186.1 24.3 104.5 15.9 49.7 62.6c-62.8 53.6-66.1 149.8-9.9 207.9l193.5 199.8c12.5 12.9 32.8 12.9 45.3 0l193.5-199.8c56.3-58.1 53-154.3-9.8-207.9z"
                  />
                </svg>
              </button>
            </div>
          </div>
        </div>
      </div>
      <div
        class="_slide_29d281"
      >
        <div
          class="_card_9fc334"
          style="border-color: rgb(0, 0, 0);"
        >
          <div
            class="_video_9fc334"
          >
            <iframe
              allow="accelerometer; autoplay; encrypted-media; picture-in-picture"
              allowfullscreen=""
              sandbox="allow-scripts allow-same-origin"
              src="url3"
              title="Vídeo 3"
            />
            <div
              id="yt-player-3"
              style="display: none;"
            />
          </div>
          <div
            class="_details_9fc334"
          >
            <h3
              class="_title_9fc334"
            >
              Vídeo 3
            </h3>
            <p
              class="_description_9fc334"
            >
              desc 3
            </p>
            <div
              class="_buttons_9fc334"
            >
              <button
                class="_button_1cea98 _iconText_9fc334"
                type="button"
              >
                <svg
                  fill="currentColor"
                  height="1em"
                  stroke="currentColor"
                  stroke-width="0"
                  viewBox="0 0 448 512"
                  width="1em"
                  xmlns="http://www.w3.org/2000/svg"
                >
                  <path
                    d="M432 32H312l-9.4-18.7A24 24 0 0 0 281.1 0H166.8a23.72 23.72 0 0 0-21.4 13.3L136 32H16A16 16 0 0 0 0 48v32a16 16 0 0 0 16 16h416a16 16 0 0 0 16-16V48a16 16 0 0 0-16-16zM53.2 467a48 48 0 0 0 47.9 45h245.8a48 48 0 0 0 47.9-45L416 128H32z"
                  />
                </svg>
                 
                <span>
                  Deletar
                </span>
              </button>
              <button
                class="_button_1cea98 _iconText_9fc334"
                type="button"
              >
                <svg
                  fill="currentColor"
                  height="1em"
                  stroke="currentColor"
                  stroke-width="0"
                  viewBox="0 0 512 512"
                  width="1em"
                  xmlns="http://www.w3.org/2000/svg"
                >
                  <path
                    d="M290.74 93.24l128.02 128.02-277.99 277.99-114.14 12.6C11.35 513.54-1.56 500.62.14 485.34l12.7-114.22 277.9-277.88zm207.2-19.06l-60.11-60.11c-18.75-18.75-49.16-18.75-67.91 0l-56.55 56.55 128.02 128.02 56.55-56.55c18.75-18.76 18.75-49.16 0-67.91z"
                  />
                </svg>
                 
                <span>
                  Editar
                </span>
              </button>
              <button
                class="_button_1cea98 _iconText_9fc334"
                type="button"
              >
                <svg
                  data-testid="favorite-icon"
                  fill="currentColor"
                  height="1em"
                  stroke="currentColor"
                  stroke-width="0"
                  viewBox="0 0 512 512"
                  width="1em"
                  xmlns="http://www.w3.org/2000/svg"
                >
                  <path
                    d="M458.4 64.3C400.6 15.7 311.3 23 256 79.3 200.7 23 111.4 15.6 53.6 64.3-21.6 127.6-10.6 230.8 43 285.5l175.4 178.7c10 10.2 23.4 15.9 37.6 15.9 14.3 0 27.6-5.6 37.6-15.8L469 285.6c53.5-54.7 64.7-157.9-10.6-221.3zm-23.6 187.5L259.4 430.5c-2.4 2.4-4.4 2.4-6.8 0L77.2 251.8c-36.5-37.2-43.9-107.6 7.3-150.7 38.9-32.7 98.9-27.8 136.5 10.5l35 35.7 35-35.7c37.8-38.5 97.8-43.2 136.5-10.6 51.1 43.1 43.5 113.9 7.3 150.8z"
                  />
                </svg>
              </button>
            </div>
          </div>
        </div>
      </div>
    </div>
  </div>
</div>
`;
